// Jest Snapshot v1, https://goo.gl/fbAQLP

exports[`Message.vue renders correctly 1`] = `
<div
  class="animated fadeIn"
>
  <div
    class="email-app mb-4"
  >
    <nav>
      <a
        class="btn btn-danger btn-block"
        href="#/apps/email/compose"
      >
        New Email
      </a>
       
      <ul
        class="nav"
      >
        <li
          class="nav-item"
        >
          <a
            class="nav-link"
            href="#"
          >
            <i
              class="fa fa-inbox"
            />
             Inbox 
            <bbadge-stub
              activeclass="active"
              event="click"
              exactactiveclass="active"
              routertag="a"
              tag="span"
              target="_self"
              variant="danger"
            >
              4
            </bbadge-stub>
          </a>
        </li>
         
        <li
          class="nav-item"
        >
          <a
            class="nav-link"
            href="#"
          >
            <i
              class="fa fa-star"
            />
             Stared
          </a>
        </li>
         
        <li
          class="nav-item"
        >
          <a
            class="nav-link"
            href="#"
          >
            <i
              class="fa fa-rocket"
            />
             Sent
          </a>
        </li>
         
        <li
          class="nav-item"
        >
          <a
            class="nav-link"
            href="#"
          >
            <i
              class="fa fa-trash-o"
            />
             Trash
          </a>
        </li>
         
        <li
          class="nav-item"
        >
          <a
            class="nav-link"
            href="#"
          >
            <i
              class="fa fa-bookmark"
            />
             Important
            <bbadge-stub
              activeclass="active"
              event="click"
              exactactiveclass="active"
              routertag="a"
              tag="span"
              target="_self"
              variant="info"
            >
              5
            </bbadge-stub>
          </a>
        </li>
         
        <li
          class="nav-item"
        >
          <a
            class="nav-link"
            href="#"
          >
            <i
              class="fa fa-inbox"
            />
             Inbox 
            <bbadge-stub
              activeclass="active"
              event="click"
              exactactiveclass="active"
              routertag="a"
              tag="span"
              target="_self"
              variant="danger"
            >
              4
            </bbadge-stub>
          </a>
        </li>
      </ul>
    </nav>
     
    <main
      class="message"
    >
      <div
        class="toolbar"
      >
        <div
          class="btn-group mr-1"
        >
          <bbutton-stub
            activeclass="active"
            event="click"
            exactactiveclass="active"
            routertag="a"
            target="_self"
            type="button"
            variant="light"
          >
            <span
              class="fa fa-star"
            />
          </bbutton-stub>
           
          <bbutton-stub
            activeclass="active"
            event="click"
            exactactiveclass="active"
            routertag="a"
            target="_self"
            type="button"
            variant="light"
          >
            <span
              class="fa fa-star-o"
            />
          </bbutton-stub>
           
          <bbutton-stub
            activeclass="active"
            event="click"
            exactactiveclass="active"
            routertag="a"
            target="_self"
            type="button"
            variant="light"
          >
            <span
              class="fa fa-bookmark-o"
            />
          </bbutton-stub>
        </div>
         
        <div
          class="btn-group mr-1"
        >
          <bbutton-stub
            activeclass="active"
            event="click"
            exactactiveclass="active"
            routertag="a"
            target="_self"
            type="button"
            variant="light"
          >
            <span
              class="fa fa-mail-reply"
            />
          </bbutton-stub>
           
          <bbutton-stub
            activeclass="active"
            event="click"
            exactactiveclass="active"
            routertag="a"
            target="_self"
            type="button"
            variant="light"
          >
            <span
              class="fa fa-mail-reply-all"
            />
          </bbutton-stub>
           
          <bbutton-stub
            activeclass="active"
            event="click"
            exactactiveclass="active"
            routertag="a"
            target="_self"
            type="button"
            variant="light"
          >
            <span
              class="fa fa-mail-forward"
            />
          </bbutton-stub>
        </div>
         
        <bbutton-stub
          activeclass="active"
          event="click"
          exactactiveclass="active"
          routertag="a"
          target="_self"
          type="button"
          variant="light"
        >
          <span
            class="fa fa-trash-o"
          />
        </bbutton-stub>
         
        <bdropdown-stub
          boundary="scrollParent"
          class="ml-1"
          role="menu"
          toggletext="Toggle Dropdown"
          variant="light"
        >
          <template>
            <span
              class="fa fa-tags"
            />
          </template>
           
          <bdropdownitem-stub
            activeclass="active"
            event="click"
            exactactiveclass="active"
            href="#"
            routertag="a"
            target="_self"
          >
            add label 
            <bbadge-stub
              activeclass="active"
              event="click"
              exactactiveclass="active"
              routertag="a"
              tag="span"
              target="_self"
              variant="danger"
            >
               Home
            </bbadge-stub>
          </bdropdownitem-stub>
           
          <bdropdownitem-stub
            activeclass="active"
            event="click"
            exactactiveclass="active"
            href="#"
            routertag="a"
            target="_self"
          >
            add label 
            <bbadge-stub
              activeclass="active"
              event="click"
              exactactiveclass="active"
              routertag="a"
              tag="span"
              target="_self"
              variant="info"
            >
               Job
            </bbadge-stub>
          </bdropdownitem-stub>
           
          <bdropdownitem-stub
            activeclass="active"
            event="click"
            exactactiveclass="active"
            href="#"
            routertag="a"
            target="_self"
          >
            add label 
            <bbadge-stub
              activeclass="active"
              event="click"
              exactactiveclass="active"
              routertag="a"
              tag="span"
              target="_self"
              variant="success"
            >
               Clients
            </bbadge-stub>
          </bdropdownitem-stub>
           
          <bdropdownitem-stub
            activeclass="active"
            event="click"
            exactactiveclass="active"
            href="#"
            routertag="a"
            target="_self"
          >
            add label 
            <bbadge-stub
              activeclass="active"
              event="click"
              exactactiveclass="active"
              routertag="a"
              tag="span"
              target="_self"
              variant="warning"
            >
               News
            </bbadge-stub>
          </bdropdownitem-stub>
        </bdropdown-stub>
      </div>
       
      <div
        class="details"
      >
        <div
          class="title"
        >
          Neque porro quisquam est qui dolorem ipsum quia dolor sit amet, consectetur, adipisci velit.
        </div>
         
        <div
          class="header"
        >
          <img
            class="avatar"
            src="img/avatars/7.jpg"
          />
           
          <div
            class="from"
          >
            <span>
              Lukasz Holeczek
            </span>
            
            lukasz@bootstrapmaster.com
          
          </div>
           
          <div
            class="date"
          >
            Today, 
            <b>
              3:47 PM
            </b>
          </div>
        </div>
         
        <div
          class="content"
        >
          <p>
            
            Lorem ipsum dolor sit amet, consectetur adipisicing elit, sed do eiusmod tempor incididunt ut labore et dolore magna aliqua. Ut enim ad minim veniam, quis nostrud exercitation ullamco laboris nisi ut aliquip ex ea commodo consequat. Duis aute irure dolor in reprehenderit in voluptate velit esse cillum dolore eu fugiat nulla pariatur. Excepteur sint occaecat cupidatat non proident, sunt in culpa qui officia deserunt mollit anim id est laborum.
          
          </p>
           
          <blockquote>
            
            Lorem ipsum dolor sit amet, consectetur adipisicing elit, sed do eiusmod tempor incididunt ut labore et dolore magna aliqua. Ut enim ad minim veniam, quis nostrud exercitation ullamco laboris nisi ut aliquip ex ea commodo consequat. Duis aute irure dolor in reprehenderit in voluptate velit esse cillum dolore eu fugiat nulla pariatur. Excepteur sint occaecat cupidatat non proident, sunt in culpa qui officia deserunt mollit anim id est laborum.
          
          </blockquote>
        </div>
         
        <div
          class="attachments"
        >
          <div
            class="attachment"
          >
            <bbadge-stub
              activeclass="active"
              event="click"
              exactactiveclass="active"
              routertag="a"
              tag="span"
              target="_self"
              variant="danger"
            >
              zip
            </bbadge-stub>
             
            <b>
              bootstrap.zip
            </b>
             
            <i>
              (2,5MB)
            </i>
             
            <span
              class="menu"
            >
              <a
                class="fa fa-search"
                href="#"
              />
               
              <a
                class="fa fa-share"
                href="#"
              />
               
              <a
                class="fa fa-cloud-download"
                href="#"
              />
            </span>
          </div>
           
          <div
            class="attachment"
          >
            <bbadge-stub
              activeclass="active"
              event="click"
              exactactiveclass="active"
              routertag="a"
              tag="span"
              target="_self"
              variant="info"
            >
              txt
            </bbadge-stub>
             
            <b>
              readme.txt
            </b>
             
            <i>
              (7KB)
            </i>
             
            <span
              class="menu"
            >
              <a
                class="fa fa-search"
                href="#"
              />
               
              <a
                class="fa fa-share"
                href="#"
              />
               
              <a
                class="fa fa-cloud-download"
                href="#"
              />
            </span>
          </div>
           
          <div
            class="attachment"
          >
            <bbadge-stub
              activeclass="active"
              event="click"
              exactactiveclass="active"
              routertag="a"
              tag="span"
              target="_self"
              variant="success"
            >
              xls
            </bbadge-stub>
             
            <b>
              spreadsheet.xls
            </b>
             
            <i>
              (984KB)
            </i>
             
            <span
              class="menu"
            >
              <a
                class="fa fa-search"
                href="#"
              />
               
              <a
                class="fa fa-share"
                href="#"
              />
               
              <a
                class="fa fa-cloud-download"
                href="#"
              />
            </span>
          </div>
        </div>
         
        <form
          action=""
          method="post"
        >
          <div
            class="form-group"
          >
            <textarea
              class="form-control"
              id="message"
              name="body"
              placeholder="Click here to reply"
              rows="12"
            />
          </div>
           
          <div
            class="form-group"
          >
            <bbutton-stub
              activeclass="active"
              event="click"
              exactactiveclass="active"
              routertag="a"
              tabindex="3"
              target="_self"
              type="submit"
              variant="success"
            >
              Send message
            </bbutton-stub>
          </div>
        </form>
      </div>
    </main>
  </div>
</div>
`;
